--------- beginning of main
06-27 23:58:05.596 12655 12733 I Finsky  : [53] SCH: Scheduling phonesky job Id: 10-26, CT: 1782604192621, Constraints: [{ L: 600000, D: 86400000, C: CHARGING_NONE, I: IDLE_NONE, N: NET_ANY, B: BATTERY_ANY }]
06-27 23:58:05.596 12655 12733 I Finsky  : [53] SCH: Scheduling phonesky job Id: 10-123, CT: 1782604192622, Constraints: [{ L: 600000, D: 86400000, C: CHARGING_NONE, I: IDLE_NONE, N: NET_ANY, B: BATTERY_ANY }]
06-27 23:58:05.600 12655 12739 I Finsky  : [58] SCH: Scheduling 1 system job(s)
06-27 23:58:05.600 12655 12739 I Finsky  : [58] SCH: Scheduling system job Id: 9632, L: 107020, D: 84369339, C: false, I: false, N: 1
06-27 23:58:05.605 12655 16292 I Finsky  : [198] SCH: job service finished with id 9626.
06-27 23:58:05.609 12655 12655 I Finsky  : [2] Memory trim requested to level 40
06-27 23:58:05.609 12655 12655 I Finsky  : [2] Flushing in-memory image cache
06-27 23:58:05.609 13251 13251 I Finsky:background: [2] Memory trim requested to level 40
06-27 23:58:15.600 12740 12883 I cast_shell: [0627/235815.600879:INFO:mdns_app_filter.cc(3358)] MdnsAppFilter: responses sent in 63 seconds: 2
--------- beginning of system
06-27 23:58:15.659 11475 11561 D ActivityManager: freezing 12655 com.android.vending
06-27 23:58:15.660 11475 11561 D ActivityManager: freezing 13251 com.android.vending:background
06-27 23:58:15.693 11475 11608 D InetDiagMessage: Destroyed 0 sockets, proto=IPPROTO_TCP, family=AF_INET, states=14
06-27 23:58:15.693 11475 11608 D InetDiagMessage: Destroyed 0 sockets, proto=IPPROTO_TCP, family=AF_INET6, states=14
06-27 23:58:15.693 11475 11608 D InetDiagMessage: Destroyed live tcp sockets for uids={10052} in 0ms
06-27 23:58:18.611 11898 15420 I GmsThreadNetwork: (REDACTED) [ThreadNetworkAgent] threadEnabled=%b, internetReady=%b
06-27 23:58:18.612 11898 15420 I GmsThreadNetwork: [ThreadNetworkAgent] Thread network sync starting [CONTEXT service_id=305 ]
06-27 23:58:18.612 11898 15420 I GmsThreadNetwork: [ThreadNetworkAgent] Checking cast auth registration status [CONTEXT service_id=305 ]
06-27 23:58:18.614 11898 11898 D BoundBrokerSvc: onRebind: Intent { act=com.google.android.gms.castauth.service.START dat=chimera-action:/... xflg=0x4 cmp=com.google.android.gms/.chimera.PersistentDirectBootAwareApiService }
06-27 23:58:18.615 11898 12686 I CastAuth: [CastAuthAllUserChimeraService] CastAuthAllUserChimeraService starts... [CONTEXT service_id=360 ]
06-27 23:58:18.615 11898 12686 E CastAuth: [CastAuthAllUserChimeraService] Feature is not available, reason = CastAuth feature is disabled on this 1p device.. [CONTEXT service_id=360 ]
06-27 23:58:18.615 11898 12686 W GoogleApiManager: Not showing notification since connectionResult is not user-facing: nr{statusCode=API_UNAVAILABLE, resolution=null, message=null, clientMethodKey=null}
06-27 23:58:18.615 11898 15420 W GmsThreadNetwork: [ThreadNetworkAgent] Failed to do network sync, waiting for CastAuth registration [CONTEXT service_id=305 ]
06-27 23:58:18.615 11898 15420 W GmsThreadNetwork: m69.pf: 17: API: CastAuth.API is not available on this device. Connection failed with: nr{statusCode=API_UNAVAILABLE, resolution=null, message=null, clientMethodKey=null}
06-27 23:58:18.615 11898 15420 W GmsThreadNetwork: 	at m69.uc.a(:com.google.android.gms.optional_threadnetwork@262233249@26.22.33 (180000-0):13)
06-27 23:58:18.615 11898 15420 W GmsThreadNetwork: 	at m69.qp.e(:com.google.android.gms.optional_threadnetwork@262233249@26.22.33 (180000-0):3)
06-27 23:58:18.615 11898 15420 W GmsThreadNetwork: 	at m69.rt.t(:com.google.android.gms.optional_threadnetwork@262233249@26.22.33 (180000-0):48)
06-27 23:58:18.615 11898 15420 W GmsThreadNetwork: 	at m69.rt.f(:com.google.android.gms.optional_threadnetwork@262233249@26.22.33 (180000-0):10)
06-27 23:58:18.615 11898 15420 W GmsThreadNetwork: 	at m69.rt.j(:com.google.android.gms.optional_threadnetwork@262233249@26.22.33 (180000-0):168)
06-27 23:58:18.615 11898 15420 W GmsThreadNetwork: 	at m69.rt.i(:com.google.android.gms.optional_threadnetwork@262233249@26.22.33 (180000-0):2)
06-27 23:58:18.615 11898 15420 W GmsThreadNetwork: 	at m69.vl.a(:com.google.android.gms.optional_threadnetwork@262233249@26.22.33 (180000-0):3)
06-27 23:58:18.615 11898 15420 W GmsThreadNetwork: 	at m69.ul.a(:com.google.android.gms.optional_threadnetwork@262233249@26.22.33 (180000-0):7)
06-27 23:58:18.615 11898 15420 W GmsThreadNetwork: 	at m69.ue.c(:com.google.android.gms.optional_threadnetwork@262233249@26.22.33 (180000-0):77)
06-27 23:58:18.615 11898 15420 W GmsThreadNetwork: 	at m69.uf.handleMessage(:com.google.android.gms.optional_threadnetwork@262233249@26.22.33 (180000-0):266)
06-27 23:58:18.615 11898 15420 W GmsThreadNetwork: 	at android.os.Handler.dispatchMessage(Handler.java:110)
06-27 23:58:18.615 11898 15420 W GmsThreadNetwork: 	at m69.hvi.dispatchMessage(:com.google.android.gms.optional_threadnetwork@262233249@26.22.33 (180000-0):139)
06-27 23:58:18.615 11898 15420 W GmsThreadNetwork: 	at android.os.Looper.loopOnce(Looper.java:248)
06-27 23:58:18.615 11898 15420 W GmsThreadNetwork: 	at android.os.Looper.loop(Looper.java:338)
06-27 23:58:18.615 11898 15420 W GmsThreadNetwork: 	at android.os.HandlerThread.run(HandlerThread.java:85)
06-27 23:58:18.615 11898 12686 I CastAuth: [CastAuthAllUserChimeraService] CastAuthAllUserChimeraService starts... [CONTEXT service_id=360 ]
06-27 23:58:18.616 11898 12686 E CastAuth: [CastAuthAllUserChimeraService] Feature is not available, reason = CastAuth feature is disabled on this 1p device.. [CONTEXT service_id=360 ]
06-27 23:58:18.616 11898 12686 W GoogleApiManager: Not showing notification since connectionResult is not user-facing: nr{statusCode=API_UNAVAILABLE, resolution=null, message=null, clientMethodKey=null}
06-27 23:58:18.616 11898 15420 I GmsThreadNetwork: (REDACTED) [ThreadNetworkAgent] Schedule retry network sync on failure in %d ms
06-27 23:58:18.616 11898 15420 I GmsThreadNetwork: (REDACTED) [ThreadNetworkAgent] Network sync completed: %s
06-27 23:58:19.068 16607 16607 W dumpsys : Thread Pool max thread count is 0. Cannot cache binder as linkToDeath cannot be implemented. serviceName: meminfo
06-27 23:58:19.069 11475 11852 D ActivityManager: freezer override set to true
06-27 23:58:19.069 11475 11852 D ActivityManager: sync unfroze 11810 com.android.tv.settings for 19
06-27 23:58:19.069 11475 11852 D ActivityManager: sync unfroze 12466 com.android.dynsystem for 19
06-27 23:58:19.069 11475 11852 D ActivityManager: sync unfroze 12544 com.android.dynsystem:dynsystem for 19
06-27 23:58:19.070 11475 11852 D ActivityManager: sync unfroze 12546 com.android.managedprovisioning for 19
06-27 23:58:19.070 11475 11852 D ActivityManager: sync unfroze 12613 com.android.shell for 19
06-27 23:58:19.070 11475 11852 D ActivityManager: sync unfroze 12653 com.android.tv.common for 19
06-27 23:58:19.070 11475 11852 D ActivityManager: sync unfroze 12756 com.android.localtransport for 19
06-27 23:58:19.070 11475 11852 D ActivityManager: sync unfroze 12821 com.google.android.federatedcompute for 19
06-27 23:58:19.071 11475 11852 D ActivityManager: sync unfroze 12860 com.google.android.healthconnect.controller for 19
06-27 23:58:19.071 11475 11852 D ActivityManager: sync unfroze 12905 com.google.android.ondevicepersonalization.services for 19
06-27 23:58:19.071 11475 11852 D ActivityManager: sync unfroze 13119 com.android.externalstorage for 19
06-27 23:58:19.072 11475 11852 D ActivityManager: sync unfroze 13394 com.android.vending:instant_app_installer for 19
06-27 23:58:19.072 11475 11852 D ActivityManager: sync unfroze 12946 com.google.android.syncadapters.calendar for 19
06-27 23:58:19.072 11475 11852 D ActivityManager: sync unfroze 13100 com.google.android.photopicker for 19
06-27 23:58:19.072 11475 11852 D ActivityManager: sync unfroze 12927 com.google.android.rkpdapp for 19
06-27 23:58:19.073 11475 11852 D ActivityManager: sync unfroze 12789 com.google.android.configupdater for 19
06-27 23:58:19.073 11475 11852 D ActivityManager: sync unfroze 12693 com.google.android.gms.unstable for 19
06-27 23:58:19.074 11475 11852 D ActivityManager: sync unfroze 12586 com.android.providers.calendar for 19
06-27 23:58:19.074 11475 11852 D ActivityManager: sync unfroze 12980 com.google.android.youtube.tv for 19
06-27 23:58:19.075 11475 11852 D ActivityManager: sync unfroze 12257 com.google.android.play.games for 19
06-27 23:58:19.075 11475 11852 D ActivityManager: sync unfroze 12468 com.android.providers.tv for 19
06-27 23:58:19.075 11475 11852 D ActivityManager: sync unfroze 12032 com.android.keychain for 19
06-27 23:58:19.076 11475 11852 D ActivityManager: sync unfroze 12172 android.process.media for 19
06-27 23:58:19.076 11475 11852 D ActivityManager: sync unfroze 12136 android.process.acore for 19
06-27 23:58:19.076 11475 11852 D ActivityManager: sync unfroze 12916 com.google.android.packageinstaller for 19
06-27 23:58:19.077 11475 11852 D ActivityManager: sync unfroze 12144 com.google.android.gms for 19
06-27 23:58:19.077 11475 11852 D ActivityManager: sync unfroze 12385 com.google.android.katniss:search for 19
06-27 23:58:19.078 11475 11852 D ActivityManager: sync unfroze 13251 com.android.vending:background for 19
06-27 23:58:19.079 11475 11852 D ActivityManager: sync unfroze 12085 com.google.android.permissioncontroller for 19
06-27 23:58:19.079 11475 11852 D ActivityManager: sync unfroze 12655 com.android.vending for 19
06-27 23:58:19.080 11475 11724 D OomAdjuster: Not killing cached processes
06-27 23:58:19.086 12144 12144 D BoundBrokerSvc: onUnbind: Intent { act=com.google.android.gms.common.BIND_SHARED_PREFS xflg=0x4 pkg=com.google.android.gms }
06-27 23:58:19.108 15490 15503 I com.vivicast.tv: Explicit concurrent mark compact GC freed 2780KB AllocSpace bytes, 1(24KB) LOS objects, 49% free, 5346KB/10MB, paused 773us,855us total 17.587ms
06-27 23:58:19.116 11475 11852 D ActivityManager: freezer override set to false
06-27 23:58:19.120 13251 13251 I Finsky:background: [2] Memory trim requested to level 40
06-27 23:58:19.121 12655 12655 I Finsky  : [2] Memory trim requested to level 40
06-27 23:58:19.121 12655 12655 I Finsky  : [2] Flushing in-memory image cache
06-27 23:58:19.121 12385 12385 I katniss_search_TvSearchApp: onTrimMemory level=40
06-27 23:58:19.122 12385 12503 I katniss_search_KatnissAccountManagerImpl: Read invalid search account from PDS
06-27 23:58:19.122 12385 12503 I katniss_search_KatnissAccountManagerImpl: Read invalid search account from PDS
06-27 23:58:19.123 12385 12503 I katniss_search_KatnissAccountManagerImpl: Read invalid search account from PDS
06-27 23:58:19.148 16611 16611 W dumpsys : Thread Pool max thread count is 0. Cannot cache binder as linkToDeath cannot be implemented. serviceName: gfxinfo
06-27 23:58:19.148 11475 11852 D ActivityManager: freezer override set to true
06-27 23:58:19.152 11475 11852 D ActivityManager: freezer override set to false
06-27 23:58:19.176 16615 16615 W dumpsys : Thread Pool max thread count is 0. Cannot cache binder as linkToDeath cannot be implemented. serviceName: gfxinfo
06-27 23:58:19.177 11475 11852 D ActivityManager: freezer override set to true
06-27 23:58:19.182 11475 11852 D ActivityManager: freezer override set to false
06-27 23:58:19.333 16621 16621 D AndroidRuntime: >>>>>> START com.android.internal.os.RuntimeInit uid 2000 <<<<<<
06-27 23:58:19.336 16621 16621 I AndroidRuntime: Using default boot image
06-27 23:58:19.336 16621 16621 I AndroidRuntime: Leaving lock profiling enabled
06-27 23:58:19.340 16621 16621 W app_process: Could not reserve sentinel fault page
06-27 23:58:19.340 16621 16621 I app_process: Using CollectorTypeCMC GC.
06-27 23:58:19.393 16621 16621 D nativeloader: InitDefaultPublicLibraries for_preload=1: libandroid.so:libaaudio.so:libamidi.so:libbinder_ndk.so:libc.so:libcamera2ndk.so:libdl.so:libEGL.so:libGLESv1_CM.so:libGLESv2.so:libGLESv3.so:libicu.so:libicui18n.so:libicuuc.so:libjnigraphics.so:liblog.so:libmediandk.so:libm.so:libnativehelper.so:libnativewindow.so:libOpenMAXAL.so:libOpenSLES.so:libRS.so:libstdc++.so:libsync.so:libvulkan.so:libwebviewchromium_plat_support.so:libz.so
06-27 23:58:19.401 16621 16621 D nativeloader: Load libicu_jni.so using APEX ns com_android_art for caller /apex/com.android.art/javalib/core-oj.jar: ok
06-27 23:58:19.401 16621 16621 D app_process: u_setTimeZoneFilesDirectory("/apex/com.android.tzdata/etc/tz/versioned/9/icu") succeeded. 
06-27 23:58:19.401 16621 16621 D app_process: I18n APEX ICU file found: /apex/com.android.i18n/etc/icu/icudt76l.dat
06-27 23:58:19.403 16621 16621 D nativeloader: Load libjavacore.so using APEX ns com_android_art for caller /apex/com.android.art/javalib/core-oj.jar: ok
06-27 23:58:19.405 16621 16621 D nativeloader: Load libopenjdk.so using APEX ns com_android_art for caller /apex/com.android.art/javalib/core-oj.jar: ok
06-27 23:58:19.406 16621 16621 W app_process: Unexpected CPU variant for x86: x86.
06-27 23:58:19.406 16621 16621 W app_process: Known variants: atom, sandybridge, silvermont, goldmont, goldmont-plus, goldmont-without-sha-xsaves, tremont, kabylake, alderlake, default
06-27 23:58:19.412 16621 16621 W app_process: ClassLoaderContext shared library size mismatch. Expected=2, found=0 (PCL[]{PCL[/system/framework/android.test.base.jar*2789897741]#PCL[/system/framework/android.test.mock.jar*3361312393]} | PCL[])
06-27 23:58:19.416 16621 16621 W app_process: ClassLoaderContext classpath size mismatch. expected=0, found=1 (PCL[]{PCL[/system/framework/android.test.runner.jar*895143020]#PCL[/system/framework/android.test.base.jar*2789897741]} | PCL[/system/framework/android.test.runner.jar*895143020])
06-27 23:58:19.430 16621 16621 D nativeloader: Load libframework-connectivity-tiramisu-jni.so using APEX ns com_android_tethering for caller /apex/com.android.tethering/javalib/framework-connectivity-t.jar: ok
06-27 23:58:19.430 16621 16621 D AndroidRuntime: Calling main entry com.android.commands.uiautomator.Launcher
06-27 23:58:19.432 16621 16621 I AconfigPackage: android.media.swcodec.flags is mapped to com.android.media.swcodec
06-27 23:58:19.432 16621 16621 I AconfigPackage: com.android.settings.flags is mapped to system_ext
06-27 23:58:19.432 16621 16621 I AconfigPackage: com.android.launcher3 is mapped to system_ext
06-27 23:58:19.432 16621 16621 I AconfigPackage: com.android.server.policy.feature.flags is mapped to system_ext
06-27 23:58:19.432 16621 16621 I AconfigPackage: com.android.permission.flags is mapped to com.android.permission
06-27 23:58:19.433 16621 16621 I AconfigPackage: com.android.icu is mapped to com.android.i18n
06-27 23:58:19.433 16621 16621 I AconfigPackage: com.android.appsearch.flags is mapped to com.android.appsearch
06-27 23:58:19.433 16621 16621 I AconfigPackage: android.uprobestats.mainline.flags is mapped to com.android.uprobestats
06-27 23:58:19.433 16621 16621 I AconfigPackage: android.provider.flags is mapped to com.android.configinfrastructure
06-27 23:58:19.433 16621 16621 I AconfigPackage: com.android.server.deviceconfig is mapped to com.android.configinfrastructure
06-27 23:58:19.433 16621 16621 I AconfigPackage: com.android.nfc.flags is mapped to system
06-27 23:58:19.433 16621 16621 I AconfigPackage: android.app.admin.flags is mapped to system
06-27 23:58:19.433 16621 16621 I AconfigPackage: android.database.sqlite is mapped to system
06-27 23:58:19.433 16621 16621 I AconfigPackage: com.android.providers.calendar is mapped to system
06-27 23:58:19.433 16621 16621 I AconfigPackage: com.android.server.power.feature.flags is mapped to system
06-27 23:58:19.433 16621 16621 I AconfigPackage: com.android.media.performance.flags is mapped to system
06-27 23:58:19.433 16621 16621 I AconfigPackage: android.app.contextualsearch.flags is mapped to system
06-27 23:58:19.433 16621 16621 I AconfigPackage: android.app.ondeviceintelligence.flags is mapped to system
06-27 23:58:19.433 16621 16621 I AconfigPackage: com.android.media.projection.flags is mapped to system
06-27 23:58:19.433 16621 16621 I AconfigPackage: android.companion is mapped to system
06-27 23:58:19.433 16621 16621 I AconfigPackage: android.service.controls.flags is mapped to system
06-27 23:58:19.433 16621 16621 I AconfigPackage: com.android.text.flags is mapped to system
06-27 23:58:19.433 16621 16621 I AconfigPackage: com.android.providers.contactkeys.flags is mapped to system
06-27 23:58:19.433 16621 16621 I AconfigPackage: com.android.intentresolver is mapped to system
06-27 23:58:19.433 16621 16621 I AconfigPackage: android.companion.virtualdevice.flags is mapped to system
06-27 23:58:19.433 16621 16621 I AconfigPackage: android.uprobestats.flags is mapped to system
06-27 23:58:19.433 16621 16621 I AconfigPackage: com.android.net.thread.platform.flags is mapped to system
06-27 23:58:19.433 16621 16621 I AconfigPackage: android.view.contentprotection.flags is mapped to system
06-27 23:58:19.433 16621 16621 I AconfigPackage: com.android.server.dreams is mapped to system
06-27 23:58:19.433 16621 16621 I AconfigPackage: com.android.graphics.surfaceflinger.flags is mapped to system
06-27 23:58:19.433 16621 16621 I AconfigPackage: com.android.hardware.input is mapped to system
06-27 23:58:19.433 16621 16621 I AconfigPackage: android.sdk is mapped to system
06-27 23:58:19.433 16621 16621 I AconfigPackage: com.android.input.flags is mapped to system
06-27 23:58:19.433 16621 16621 I AconfigPackage: android.tracing is mapped to system
06-27 23:58:19.433 16621 16621 I AconfigPackage: com.android.server.biometrics is mapped to system
06-27 23:58:19.433 16621 16621 I AconfigPackage: android.view.contentcapture.flags is mapped to system
06-27 23:58:19.433 16621 16621 I AconfigPackage: android.app.job is mapped to system
06-27 23:58:19.433 16621 16621 I AconfigPackage: android.content.res is mapped to system
06-27 23:58:19.433 16621 16621 I AconfigPackage: android.net.platform.flags is mapped to system
06-27 23:58:19.433 16621 16621 I AconfigPackage: com.android.aconfig.flags is mapped to system
06-27 23:58:19.433 16621 16621 I AconfigPackage: com.android.graphics.flags is mapped to system
06-27 23:58:19.433 16621 16621 I AconfigPackage: android.server.app is mapped to system
06-27 23:58:19.433 16621 16621 I AconfigPackage: android.speech.flags is mapped to system
06-27 23:58:19.433 16621 16621 I AconfigPackage: com.android.server.stats is mapped to system
06-27 23:58:19.433 16621 16621 I AconfigPackage: android.hardware.biometrics is mapped to system
06-27 23:58:19.433 16621 16621 I AconfigPackage: android.car.feature is mapped to system
06-27 23:58:19.433 16621 16621 I AconfigPackage: android.adpf is mapped to system
06-27 23:58:19.433 16621 16621 I AconfigPackage: android.location.flags is mapped to system
06-27 23:58:19.433 16621 16621 I AconfigPackage: com.android.settingslib.flags is mapped to system
06-27 23:58:19.433 16621 16621 I AconfigPackage: com.android.managedprovisioning.flags is mapped to system
06-27 23:58:19.433 16621 16621 I AconfigPackage: android.app.assist.flags is mapped to system
06-27 23:58:19.433 16621 16621 I AconfigPackage: com.android.server.net is mapped to system
06-27 23:58:19.433 16621 16621 I AconfigPackage: com.android.settingslib.widget.flags is mapped to system
06-27 23:58:19.433 16621 16621 I AconfigPackage: com.android.internal.camera.flags is mapped to system
06-27 23:58:19.433 16621 16621 I AconfigPackage: com.android.hardware.libsensor.flags is mapped to system
06-27 23:58:19.433 16621 16621 I AconfigPackage: com.android.internal.jank is mapped to system
06-27 23:58:19.434 16621 16621 I AconfigPackage: com.android.providers.settings is mapped to system
06-27 23:58:19.434 16621 16621 I AconfigPackage: android.multiuser is mapped to system
06-27 23:58:19.434 16621 16621 I AconfigPackage: com.android.server.power.optimization is mapped to system
06-27 23:58:19.434 16621 16621 I AconfigPackage: com.android.media.flags is mapped to system
06-27 23:58:19.434 16621 16621 I AconfigPackage: com.android.server.flags is mapped to system
06-27 23:58:19.434 16621 16621 I AconfigPackage: com.android.graphics.libvulkan.flags is mapped to system
06-27 23:58:19.434 16621 16621 I AconfigPackage: android.app.appfunctions.flags is mapped to system
06-27 23:58:19.434 16621 16621 I AconfigPackage: android.app.smartspace.flags is mapped to system
06-27 23:58:19.434 16621 16621 I AconfigPackage: com.android.providers.contacts.flags is mapped to system
06-27 23:58:19.434 16621 16621 I AconfigPackage: com.android.shell.flags is mapped to system
06-27 23:58:19.434 16621 16621 I AconfigPackage: com.android.media.aaudio is mapped to system
06-27 23:58:19.434 16621 16621 I AconfigPackage: android.hardware.radio is mapped to system
06-27 23:58:19.434 16621 16621 I AconfigPackage: com.google.wear.services.infra.flags is mapped to system
06-27 23:58:19.434 16621 16621 I AconfigPackage: suspend_service.flags is mapped to system
06-27 23:58:19.434 16621 16621 I AconfigPackage: android.media.midi is mapped to system
06-27 23:58:19.434 16621 16621 I AconfigPackage: com.android.libcore.readonly is mapped to system
06-27 23:58:19.434 16621 16621 I AconfigPackage: com.android.settingslib.widget.selectorwithwidgetpreference.flags is mapped to system
06-27 23:58:19.434 16621 16621 I AconfigPackage: android.service.notification is mapped to system
06-27 23:58:19.434 16621 16621 I AconfigPackage: com.android.systemui.shared is mapped to system
06-27 23:58:19.434 16621 16621 I AconfigPackage: android.app.jank is mapped to system
06-27 23:58:19.434 16621 16621 I AconfigPackage: android.app.wearable is mapped to system
06-27 23:58:19.434 16621 16621 I AconfigPackage: com.android.media.audio is mapped to system
06-27 23:58:19.434 16621 16621 I AconfigPackage: android.service.chooser is mapped to system
06-27 23:58:19.434 16621 16621 I AconfigPackage: com.android.server.compat is mapped to system
06-27 23:58:19.434 16621 16621 I AconfigPackage: com.android.server.alarm is mapped to system
06-27 23:58:19.434 16621 16621 I AconfigPackage: com.android.apex.flags is mapped to system
06-27 23:58:19.434 16621 16621 I AconfigPackage: android.service.quickaccesswallet is mapped to system
06-27 23:58:19.434 16621 16621 I AconfigPackage: android.app.usage is mapped to system
06-27 23:58:19.434 16621 16621 I AconfigPackage: com.android.server.accessibility is mapped to system
06-27 23:58:19.434 16621 16621 I AconfigPackage: android.app.supervision.flags is mapped to system
06-27 23:58:19.434 16621 16621 I AconfigPackage: com.android.server.utils is mapped to system
06-27 23:58:19.434 16621 16621 I AconfigPackage: android.chre.flags is mapped to system
06-27 23:58:19.434 16621 16621 I AconfigPackage: android.content.flags is mapped to system
06-27 23:58:19.434 16621 16621 I AconfigPackage: android.media.codec is mapped to system
06-27 23:58:19.434 16621 16621 I AconfigPackage: com.android.internal.os is mapped to system
06-27 23:58:19.434 16621 16621 I AconfigPackage: com.android.nfc.nci.flags is mapped to system
06-27 23:58:19.434 16621 16621 I AconfigPackage: android.app is mapped to system
06-27 23:58:19.434 16621 16621 I AconfigPackage: android.security.keystore2 is mapped to system
06-27 23:58:19.434 16621 16621 I AconfigPackage: android.crashrecovery.flags is mapped to system
06-27 23:58:19.434 16621 16621 I AconfigPackage: com.android.tradeinmode.flags is mapped to system
06-27 23:58:19.434 16621 16621 I AconfigPackage: android.hardware.flags is mapped to system
06-27 23:58:19.434 16621 16621 I AconfigPackage: com.android.server.telecom.flags is mapped to system
06-27 23:58:19.434 16621 16621 I AconfigPackage: com.android.settingslib.media.flags is mapped to system
06-27 23:58:19.434 16621 16621 I AconfigPackage: com.android.server.policy is mapped to system
06-27 23:58:19.434 16621 16621 I AconfigPackage: android.media.audiopolicy is mapped to system
06-27 23:58:19.434 16621 16621 I AconfigPackage: com.android.internal.compat.flags is mapped to system
06-27 23:58:19.434 16621 16621 I AconfigPackage: android.security is mapped to system
06-27 23:58:19.434 16621 16621 I AconfigPackage: android.service.autofill is mapped to system
06-27 23:58:19.434 16621 16621 I AconfigPackage: com.example.android.aconfig.demo.flags is mapped to system
06-27 23:58:19.434 16621 16621 I AconfigPackage: android.view.flags is mapped to system
06-27 23:58:19.434 16621 16621 I AconfigPackage: android.companion.virtual.flags is mapped to system
06-27 23:58:19.434 16621 16621 I AconfigPackage: com.android.aconfig_new_storage is mapped to system
06-27 23:58:19.434 16621 16621 I AconfigPackage: com.android.server.feature.flags is mapped to system
06-27 23:58:19.434 16621 16621 I AconfigPackage: com.android.systemui is mapped to system
06-27 23:58:19.434 16621 16621 I AconfigPackage: com.android.server.power.batterysaver is mapped to system
06-27 23:58:19.434 16621 16621 I AconfigPackage: android.widget.flags is mapped to system
06-27 23:58:19.434 16621 16621 I AconfigPackage: com.android.media.editing.flags is mapped to system
06-27 23:58:19.434 16621 16621 I AconfigPackage: com.android.media.codec.flags is mapped to system
06-27 23:58:19.434 16621 16621 I AconfigPackage: com.android.server.powerstats is mapped to system
06-27 23:58:19.434 16621 16621 I AconfigPackage: com.android.graphics.egl.flags is mapped to system
06-27 23:58:19.434 16621 16621 I AconfigPackage: com.android.media.audioserver is mapped to system
06-27 23:58:19.434 16621 16621 I AconfigPackage: com.android.server.deviceidle is mapped to system
06-27 23:58:19.434 16621 16621 I AconfigPackage: android.nfc is mapped to system
06-27 23:58:19.434 16621 16621 I AconfigPackage: android.permission.flags is mapped to system
06-27 23:58:19.434 16621 16621 I AconfigPackage: android.service.voice.flags is mapped to system
06-27 23:58:19.434 16621 16621 I AconfigPackage: android.content.pm is mapped to system
06-27 23:58:19.434 16621 16621 I AconfigPackage: com.android.server.power.hint is mapped to system
06-27 23:58:19.434 16621 16621 I AconfigPackage: android.os is mapped to system
06-27 23:58:19.434 16621 16621 I AconfigPackage: android.service.dreams is mapped to system
06-27 23:58:19.434 16621 16621 I AconfigPackage: com.android.graphics.libgui.flags is mapped to system
06-27 23:58:19.434 16621 16621 I AconfigPackage: android.hardware.usb.flags is mapped to system
06-27 23:58:19.435 16621 16621 I AconfigPackage: android.provider is mapped to system
06-27 23:58:19.435 16621 16621 I AconfigPackage: com.android.server.job is mapped to system
06-27 23:58:19.435 16621 16621 I AconfigPackage: com.android.internal.foldables.flags is mapped to system
06-27 23:58:19.435 16621 16621 I AconfigPackage: com.android.internal.telephony.flags is mapped to system
06-27 23:58:19.435 16621 16621 I AconfigPackage: android.webkit is mapped to system
06-27 23:58:19.435 16621 16621 I AconfigPackage: android.credentials.flags is mapped to system
06-27 23:58:19.435 16621 16621 I AconfigPackage: com.android.server.display.feature.flags is mapped to system
06-27 23:58:19.435 16621 16621 I AconfigPackage: com.android.server.notification is mapped to system
06-27 23:58:19.435 16621 16621 I AconfigPackage: android.appwidget.flags is mapped to system
06-27 23:58:19.435 16621 16621 I AconfigPackage: com.android.frameworks.sensorservice.flags is mapped to system
06-27 23:58:19.435 16621 16621 I AconfigPackage: com.android.printspooler.flags is mapped to system
06-27 23:58:19.435 16621 16621 I AconfigPackage: com.android.window.flags is mapped to system
06-27 23:58:19.435 16621 16621 I AconfigPackage: android.adaptiveauth is mapped to system
06-27 23:58:19.435 16621 16621 I AconfigPackage: android.net.wifi.flags is mapped to system
06-27 23:58:19.435 16621 16621 I AconfigPackage: android.media.tv.flags is mapped to system
06-27 23:58:19.435 16621 16621 I AconfigPackage: com.android.server.usb.flags is mapped to system
06-27 23:58:19.435 16621 16621 I AconfigPackage: android.os.vibrator is mapped to system
06-27 23:58:19.435 16621 16621 I AconfigPackage: android.hardware.devicestate.feature.flags is mapped to system
06-27 23:58:19.435 16621 16621 I AconfigPackage: com.android.server.usage is mapped to system
06-27 23:58:19.435 16621 16621 I AconfigPackage: android.server is mapped to system
06-27 23:58:19.435 16621 16621 I AconfigPackage: com.android.wm.shell is mapped to system
06-27 23:58:19.435 16621 16621 I AconfigPackage: android.view.inputmethod is mapped to system
06-27 23:58:19.435 16621 16621 I AconfigPackage: com.android.graphics.hwui.flags is mapped to system
06-27 23:58:19.435 16621 16621 I AconfigPackage: com.android.server.backup is mapped to system
06-27 23:58:19.435 16621 16621 I AconfigPackage: com.android.internal.pm.pkg.component.flags is mapped to system
06-27 23:58:19.435 16621 16621 I AconfigPackage: android.view.accessibility is mapped to system
06-27 23:58:19.435 16621 16621 I AconfigPackage: com.google.wear.sdk is mapped to system
06-27 23:58:19.435 16621 16621 I AconfigPackage: android.media.audio is mapped to system
06-27 23:58:19.435 16621 16621 I AconfigPackage: com.android.server.am is mapped to system
06-27 23:58:19.435 16621 16621 I AconfigPackage: com.android.media.playback.flags is mapped to system
06-27 23:58:19.435 16621 16621 I AconfigPackage: com.android.art.flags is mapped to com.android.art
06-27 23:58:19.435 16621 16621 I AconfigPackage: com.android.libcore is mapped to com.android.art
06-27 23:58:19.435 16621 16621 I AconfigPackage: com.android.media.extractor.flags is mapped to com.android.media
06-27 23:58:19.435 16621 16621 I AconfigPackage: com.android.media.mainline.flags is mapped to com.android.media
06-27 23:58:19.435 16621 16621 I AconfigPackage: com.android.wifi.flags is mapped to com.android.wifi
06-27 23:58:19.435 16621 16621 I AconfigPackage: com.android.org.conscrypt.flags is mapped to com.android.conscrypt
06-27 23:58:19.435 16621 16621 I AconfigPackage: com.android.healthfitness.flags is mapped to com.android.healthfitness
06-27 23:58:19.436 16621 16621 I AconfigPackage: com.android.mediadrm.widevine.flags is mapped to vendor
06-27 23:58:19.436 16621 16621 I AconfigPackage: libgooglecamerahal.flags is mapped to vendor
06-27 23:58:19.436 16621 16621 I AconfigPackage: com.android.ipsec.flags is mapped to com.android.ipsec
06-27 23:58:19.436 16621 16621 I AconfigPackage: com.android.nfc.module.flags is mapped to com.android.nfcservices
06-27 23:58:19.436 16621 16621 I AconfigPackage: com.android.adservices.ondevicepersonalization.flags is mapped to com.android.ondevicepersonalization
06-27 23:58:19.436 16621 16621 I AconfigPackage: com.android.bluetooth.flags is mapped to com.android.bt
06-27 23:58:19.436 16621 16621 I AconfigPackage: com.android.devicelock.flags is mapped to com.android.devicelock
06-27 23:58:19.436 16621 16621 I AconfigPackage: android.os.profiling is mapped to com.android.profiling
06-27 23:58:19.436 16621 16621 I AconfigPackage: com.android.os.statsd.flags is mapped to com.android.os.statsd
06-27 23:58:19.436 16621 16621 I AconfigPackage: com.android.adservices.flags is mapped to com.android.adservices
06-27 23:58:19.436 16621 16621 I AconfigPackage: com.android.sdksandbox.flags is mapped to com.android.adservices
06-27 23:58:19.436 16621 16621 I AconfigPackage: com.android.uwb.flags is mapped to com.android.uwb
06-27 23:58:19.436 16621 16621 I AconfigPackage: com.android.ranging.flags is mapped to com.android.uwb
06-27 23:58:19.436 16621 16621 I AconfigPackage: android.graphics.pdf.flags is mapped to com.android.mediaprovider
06-27 23:58:19.436 16621 16621 I AconfigPackage: com.android.providers.media.flags is mapped to com.android.mediaprovider
06-27 23:58:19.436 16621 16621 I AconfigPackage: android.graphics.pdf.flags.readonly is mapped to com.android.mediaprovider
06-27 23:58:19.436 16621 16621 I AconfigPackage: com.android.net.ct.flags is mapped to com.android.tethering
06-27 23:58:19.436 16621 16621 I AconfigPackage: com.android.net.flags is mapped to com.android.tethering
06-27 23:58:19.436 16621 16621 I AconfigPackage: android.net.vcn is mapped to com.android.tethering
06-27 23:58:19.436 16621 16621 I AconfigPackage: com.android.nearby.flags is mapped to com.android.tethering
06-27 23:58:19.436 16621 16621 I AconfigPackage: android.net.http is mapped to com.android.tethering
06-27 23:58:19.436 16621 16621 I AconfigPackage: com.android.net.thread.flags is mapped to com.android.tethering
06-27 23:58:19.436 16621 16621 I AconfigPackage: com.android.system.virtualmachine.flags is mapped to com.android.virt
06-27 23:58:19.436 16621 16621 E FeatureFlagsImplExport: android.os.flagging.AconfigStorageReadException: ERROR_PACKAGE_NOT_FOUND: package android.xr cannot be found on the device
06-27 23:58:19.437 16621 16621 D UiAutomationConnection: Created on user UserHandle{0}
06-27 23:58:19.437 16621 16621 I UiAutomation: Initialized for user 0 on display 0
06-27 23:58:19.437 16621 16621 W UiAutomation: Created with deprecatead constructor, assumes DEFAULT_DISPLAY
06-27 23:58:19.438 11475 11852 D AccessibilityManagerService: changeCurrentUserForTestAutomationIfNeededLocked(0): ignoring because device doesn't support visible background users
06-27 23:58:19.440 11475 11852 I UiAutomationManager: Registering UiTestAutomationService (id=com.android.server.accessibility/UiAutomation, flags=0x0) when called by user 0
06-27 23:58:19.441 11475 11852 V AccessibilityManagerService: onUserStateChangedLocked for userId: 0, forceUpdate: false
06-27 23:58:19.444 11475 11475 D BatterySaverPolicy: accessibility changed to true, updating policy.
06-27 23:58:19.446 11475 11852 V AccessibilityManagerService: onUserStateChangedLocked for userId: 0, forceUpdate: false
06-27 23:58:19.448 12085 12085 I SafetyCenterAccessibilityListener: accessibility event occurred, safety center feature not enabled.
06-27 23:58:20.459 15490 15490 E com.vivicast.tv: hiddenapi: Accessing hidden method Landroid/view/accessibility/AccessibilityNodeInfo;->getSelection()Landroid/view/accessibility/AccessibilityNodeInfo$Selection; (runtime_flags=0, domain=platform, api=blocked) from /data/app/~~sMOnokL0WH97kSIvxyPjgQ==/com.vivicast.tv-iaYjbkZE8yZOQGdN5DgFDg==/base.apk!classes8.dex (domain=app) using linking: denied
06-27 23:58:20.462 15490 15490 E com.vivicast.tv: hiddenapi: Accessing hidden method Landroid/view/accessibility/AccessibilityNodeInfo;->setSelection(Landroid/view/accessibility/AccessibilityNodeInfo$Selection;)V (runtime_flags=0, domain=platform, api=blocked) from /data/app/~~sMOnokL0WH97kSIvxyPjgQ==/com.vivicast.tv-iaYjbkZE8yZOQGdN5DgFDg==/base.apk!classes8.dex (domain=app) using linking: denied
06-27 23:58:20.462 15490 15490 E com.vivicast.tv: hiddenapi: Accessing hidden method Landroid/view/accessibility/AccessibilityNodeInfo;->setSelection(Landroid/view/accessibility/AccessibilityNodeInfo$Selection;)V (runtime_flags=0, domain=platform, api=blocked) from /data/app/~~sMOnokL0WH97kSIvxyPjgQ==/com.vivicast.tv-iaYjbkZE8yZOQGdN5DgFDg==/base.apk!classes8.dex (domain=app) using linking: denied
06-27 23:58:20.503 16621 16621 W AccessibilityNodeInfoDumper: Fetch time: 51ms
06-27 23:58:20.505 11475 11852 V AccessibilityManagerService: onUserStateChangedLocked for userId: 0, forceUpdate: false
06-27 23:58:20.505 11475 11852 D AccessibilityManagerService: restoreCurrentUserForTestAutomationIfNeededLocked(): ignoring because device doesn't support visible background users
06-27 23:58:20.508 16621 16629 W IPCThreadState: call to talkWithDriver in joinThreadPool returned error: -9 (Bad file descriptor), FD: -1
06-27 23:58:20.508 16621 16630 W IPCThreadState: call to talkWithDriver in joinThreadPool returned error: -9 (Bad file descriptor), FD: -1
06-27 23:58:20.508 16621 16633 W IPCThreadState: call to talkWithDriver in joinThreadPool returned error: -9 (Bad file descriptor), FD: -1
06-27 23:58:20.508 11475 11475 D BatterySaverPolicy: accessibility changed to false, updating policy.
06-27 23:58:20.508 16621 16621 D AndroidRuntime: Shutting down VM
